A_q16x2_r4x15    client_query_enc      1395.56 us  bytes=32768
A_q16x2_r4x15    owner_reencrypt       8696.48 us  bytes=131072
A_q16x2_r4x15    owner_token_gen     100103.66 us  bytes=1966080
A_q16x2_r4x15    server_rotate         1144.42 us  bytes=131072
A_q16x2_r4x15    server_score            56.96 us  bytes=32768
A_q16x2_r4x15    server_to_fourier       71.50 us  bytes=131072
A_q4x8_r8x7      client_query_enc      1373.98 us  bytes=32768
A_q4x8_r8x7      owner_reencrypt      30269.56 us  bytes=524288
A_q4x8_r8x7      owner_token_gen      45322.78 us  bytes=917504
A_q4x8_r8x7      server_rotate         2217.73 us  bytes=524288
A_q4x8_r8x7      server_score           178.45 us  bytes=32768
A_q4x8_r8x7      server_to_fourier      520.97 us  bytes=524288
A_q8x4_r4x15     client_query_enc      1362.76 us  bytes=32768
A_q8x4_r4x15     owner_reencrypt      15764.61 us  bytes=262144
A_q8x4_r4x15     owner_token_gen      94643.19 us  bytes=1966080
A_q8x4_r4x15     server_rotate         2258.72 us  bytes=262144
A_q8x4_r4x15     server_score           100.63 us  bytes=32768
A_q8x4_r4x15     server_to_fourier      139.60 us  bytes=262144
A_q8x4_r8x7      client_query_enc      1322.83 us  bytes=32768
A_q8x4_r8x7      owner_reencrypt      15463.72 us  bytes=262144
A_q8x4_r8x7      owner_token_gen      44136.33 us  bytes=917504
A_q8x4_r8x7      server_rotate         1109.43 us  bytes=262144
A_q8x4_r8x7      server_score            97.41 us  bytes=32768
A_q8x4_r8x7      server_to_fourier      132.61 us  bytes=262144
B_r10x6          client_query_enc      7766.75 us  bytes=131072
B_r10x6          owner_reencrypt       2429.47 us  bytes=32768
B_r10x6          owner_token_gen      17288.13 us  bytes=393216
B_r10x6          server_rotate          121.41 us  bytes=32768
B_r10x6          server_score            50.46 us  bytes=32768
B_r12x5          client_query_enc      7686.22 us  bytes=131072
B_r12x5          owner_reencrypt       2407.21 us  bytes=32768
B_r12x5          owner_token_gen      14085.52 us  bytes=327680
B_r12x5          server_rotate          106.21 us  bytes=32768
B_r12x5          server_score            51.24 us  bytes=32768
B_r15x4          client_query_enc      7646.89 us  bytes=131072
B_r15x4          owner_reencrypt       2401.98 us  bytes=32768
B_r15x4          owner_token_gen      11202.43 us  bytes=262144
B_r15x4          server_rotate           88.74 us  bytes=32768
B_r15x4          server_score            51.15 us  bytes=32768
B_r4x15          client_query_enc      7737.40 us  bytes=131072
B_r4x15          owner_reencrypt       2435.89 us  bytes=32768
B_r4x15          owner_token_gen      41704.49 us  bytes=983040
B_r4x15          server_rotate          280.18 us  bytes=32768
B_r4x15          server_score            50.32 us  bytes=32768
B_r6x10          client_query_enc      7890.36 us  bytes=131072
B_r6x10          owner_reencrypt       2491.38 us  bytes=32768
B_r6x10          owner_token_gen      28411.22 us  bytes=655360
B_r6x10          server_rotate          192.36 us  bytes=32768
B_r6x10          server_score            51.28 us  bytes=32768
B_r8x7           client_query_enc      7772.86 us  bytes=131072
B_r8x7           owner_reencrypt       2430.04 us  bytes=32768
B_r8x7           owner_token_gen      19456.44 us  bytes=458752
B_r8x7           server_rotate          144.35 us  bytes=32768
B_r8x7           server_score            52.06 us  bytes=32768
