A_q16x2_r4x15    client_query_enc       463.42 us  bytes=16384
A_q16x2_r4x15    owner_reencrypt       4550.99 us  bytes=131072
A_q16x2_r4x15    owner_token_gen     122945.67 us  bytes=3932160
A_q16x2_r4x15    server_rotate         1441.61 us  bytes=131072
A_q16x2_r4x15    server_score            49.18 us  bytes=16384
A_q16x2_r4x15    server_to_fourier       84.62 us  bytes=131072
A_q4x8_r8x7      client_query_enc       786.37 us  bytes=16384
A_q4x8_r8x7      owner_reencrypt      28090.12 us  bytes=524288
A_q4x8_r8x7      owner_token_gen      96496.28 us  bytes=1835008
A_q4x8_r8x7      server_rotate         2744.38 us  bytes=524288
A_q4x8_r8x7      server_score           123.07 us  bytes=16384
A_q4x8_r8x7      server_to_fourier      560.47 us  bytes=524288
A_q8x4_r4x15     client_query_enc       479.66 us  bytes=16384
A_q8x4_r4x15     owner_reencrypt       8833.70 us  bytes=262144
A_q8x4_r4x15     owner_token_gen     128468.54 us  bytes=3932160
A_q8x4_r4x15     server_rotate         2714.22 us  bytes=262144
A_q8x4_r4x15     server_score            82.17 us  bytes=16384
A_q8x4_r4x15     server_to_fourier      179.44 us  bytes=262144
A_q8x4_r8x7      client_query_enc       486.02 us  bytes=16384
A_q8x4_r8x7      owner_reencrypt      10285.54 us  bytes=262144
A_q8x4_r8x7      owner_token_gen      86945.05 us  bytes=1835008
A_q8x4_r8x7      server_rotate         1398.71 us  bytes=262144
A_q8x4_r8x7      server_score            63.63 us  bytes=16384
A_q8x4_r8x7      server_to_fourier      146.67 us  bytes=262144
B_r10x6          client_query_enc      7261.68 us  bytes=131072
B_r10x6          owner_reencrypt        903.70 us  bytes=16384
B_r10x6          owner_token_gen      18115.49 us  bytes=393216
B_r10x6          server_rotate           87.33 us  bytes=16384
B_r10x6          server_score            27.40 us  bytes=16384
B_r12x5          client_query_enc      5774.44 us  bytes=131072
B_r12x5          owner_reencrypt       1292.15 us  bytes=16384
B_r12x5          owner_token_gen      11958.76 us  bytes=327680
B_r12x5          server_rotate           86.27 us  bytes=16384
B_r12x5          server_score            40.65 us  bytes=16384
B_r15x4          client_query_enc      4256.28 us  bytes=131072
B_r15x4          owner_reencrypt       1285.33 us  bytes=16384
B_r15x4          owner_token_gen       7695.27 us  bytes=262144
B_r15x4          server_rotate           69.21 us  bytes=16384
B_r15x4          server_score            35.85 us  bytes=16384
B_r4x15          client_query_enc      4231.32 us  bytes=131072
B_r4x15          owner_reencrypt       1166.59 us  bytes=16384
B_r4x15          owner_token_gen      27149.21 us  bytes=983040
B_r4x15          server_rotate          232.43 us  bytes=16384
B_r4x15          server_score            39.75 us  bytes=16384
B_r6x10          client_query_enc      4184.75 us  bytes=131072
B_r6x10          owner_reencrypt        859.06 us  bytes=16384
B_r6x10          owner_token_gen      25334.31 us  bytes=655360
B_r6x10          server_rotate          126.72 us  bytes=16384
B_r6x10          server_score            28.19 us  bytes=16384
B_r8x7           client_query_enc      4233.44 us  bytes=131072
B_r8x7           owner_reencrypt        761.80 us  bytes=16384
B_r8x7           owner_token_gen      12438.32 us  bytes=458752
B_r8x7           server_rotate           98.75 us  bytes=16384
B_r8x7           server_score            28.68 us  bytes=16384
